{
'searchkit:src/core/react/SearchkitComponent.ts':[
63,
],
}
