{
'jshint:src/jshint.js':[
6364,
],
'jshint:src/name-stack.js':[
27,
],
'jshint:tests/unit/fixtures/default-arguments.js':[
22,
],
}
