{
'jshint:scripts/build.js':[
14,
],
'jshint:tests/helpers/browser/server.js':[
23,
68,
143,
],
'jshint:tests/unit/fixtures/class-declaration.js':[
2,
],
'jshint:tests/unit/fixtures/default-arguments.js':[
1,
33,
36,
],
'jshint:tests/unit/fixtures/enforceall.js':[
4,
],
'jshint:tests/unit/fixtures/es5.funcexpr.js':[
8,
],
'jshint:tests/unit/fixtures/exported.js':[
11,
13,
14,
17,
],
'jshint:tests/unit/fixtures/gh-226.js':[
16,
],
'jshint:tests/unit/fixtures/gh431.js':[
6,
8,
11,
],
'jshint:tests/unit/fixtures/gh668.js':[
3,
],
'jshint:tests/unit/fixtures/immed.js':[
39,
],
'jshint:tests/unit/fixtures/latedef-esnext.js':[
65,
],
'jshint:tests/unit/fixtures/latedef-inline.js':[
4,
12,
20,
28,
],
'jshint:tests/unit/fixtures/latedef.js':[
2,
6,
],
'jshint:tests/unit/fixtures/latedefundef.js':[
12,
18,
26,
34,
],
'jshint:tests/unit/fixtures/max-cyclomatic-complexity-per-function.js':[
1,
],
'jshint:tests/unit/fixtures/max-parameters-per-function.js':[
1,
4,
7,
8,
9,
10,
11,
13,
16,
],
'jshint:tests/unit/fixtures/nativeobject.js':[
14,
23,
28,
],
'jshint:tests/unit/fixtures/newcap.js':[
13,
],
'jshint:tests/unit/fixtures/scope-redef.js':[
12,
17,
20,
25,
26,
],
'jshint:tests/unit/fixtures/shelljs.js':[
1,
],
'jshint:tests/unit/fixtures/strict_newcap.js':[
1,
],
'jshint:tests/unit/fixtures/undef_func.js':[
6,
],
'jshint:tests/unit/fixtures/undefstrict.js':[
6,
],
'jshint:tests/unit/fixtures/unused.js':[
53,
54,
68,
69,
],
}
