{
'postgraphql:src/postgraphql/schema/createPostGraphQLSchema.ts':[
118,
],
}
