{
'desktop:app/src/lib/dispatcher/app-store.ts':[
115,
],
'desktop:app/src/lib/dispatcher/cloning-repositories-store.ts':[
21,
82,
],
'desktop:app/src/lib/dispatcher/git-store.ts':[
201,
314,
317,
320,
323,
346,
405,
413,
583,
586,
595,
],
'desktop:app/src/lib/menu-update.ts':[
27,
],
'desktop:app/src/main-process/app-window.ts':[
152,
286,
296,
],
'desktop:app/src/models/branch.ts':[
33,
46,
56,
],
'desktop:app/src/models/diff.ts':[
162,
],
'desktop:app/src/models/github-repository.ts':[
58,
63,
],
'desktop:app/src/models/repository.ts':[
61,
],
'desktop:app/src/models/status.ts':[
73,
],
'desktop:app/src/shared-process/shared-process.ts':[
63,
],
'desktop:app/src/ui/app-menu/app-menu-bar-button.tsx':[
146,
],
'desktop:app/src/ui/app.tsx':[
84,
],
'desktop:app/src/ui/changes/changed-file.tsx':[
32,
],
'desktop:app/src/ui/changes/changes-list.tsx':[
81,
],
'desktop:app/src/ui/diff/selection/drag-drop-selection-strategy.ts':[
34,
45,
],
'desktop:app/src/ui/lib/update-store.ts':[
138,
],
'desktop:app/src/ui/octicons/octicons.generated.ts':[
10,
11,
12,
13,
14,
15,
16,
17,
18,
19,
20,
21,
22,
23,
24,
25,
26,
27,
28,
29,
30,
31,
32,
33,
34,
35,
36,
37,
38,
39,
40,
41,
42,
43,
44,
45,
46,
47,
48,
49,
50,
51,
52,
53,
54,
55,
56,
57,
58,
59,
60,
61,
62,
63,
64,
65,
66,
67,
68,
69,
70,
71,
72,
73,
74,
75,
76,
77,
78,
79,
80,
81,
82,
83,
84,
85,
86,
87,
88,
89,
90,
91,
92,
93,
94,
95,
96,
97,
98,
99,
100,
101,
102,
103,
104,
105,
106,
107,
108,
109,
110,
111,
112,
113,
114,
115,
116,
117,
118,
119,
120,
121,
122,
123,
124,
125,
126,
127,
128,
129,
130,
131,
132,
133,
134,
135,
136,
137,
138,
139,
140,
141,
142,
143,
144,
145,
146,
147,
148,
149,
150,
151,
152,
153,
154,
155,
156,
157,
158,
159,
160,
161,
162,
163,
164,
165,
166,
167,
168,
169,
170,
171,
172,
173,
174,
175,
176,
177,
178,
179,
180,
181,
],
'desktop:app/src/ui/welcome/welcome.tsx':[
51,
],
}
