{
'desktop:app/src/main-process/app-window.ts':[
254,
],
'desktop:app/src/main-process/main.ts':[
129,
],
'desktop:app/test/test-app-shell.ts':[
12,
13,
],
}
