{
'ant-design:components/_util/getRequestAnimationFrame.tsx':[
16,
],
'ant-design:components/affix/index.tsx':[
38,
],
'ant-design:components/alert/index.tsx':[
7,
],
'ant-design:components/anchor/anchorHelper.tsx':[
46,
124,
],
'ant-design:components/back-top/index.tsx':[
22,
],
'ant-design:components/badge/ScrollNumber.tsx':[
27,
],
'ant-design:components/carousel/index.tsx':[
11,
13,
],
'ant-design:components/collapse/index.tsx':[
34,
],
'ant-design:components/date-picker/wrapPicker.tsx':[
36,
38,
40,
],
'ant-design:components/input/Search.tsx':[
22,
],
'ant-design:components/layout/Sider.tsx':[
8,
10,
],
'ant-design:components/table/SelectionCheckboxAll.tsx':[
37,
41,
],
'ant-design:components/table/Table.tsx':[
18,
],
'ant-design:components/table/filterDropdown.tsx':[
31,
],
'ant-design:components/transfer/index.tsx':[
9,
],
'ant-design:components/transfer/list.tsx':[
13,
],
'ant-design:components/transfer/operation.tsx':[
5,
],
}
