{
'Joust:ts/Choice.ts':[
5,
9,
],
'Joust:ts/Choices.ts':[
9,
13,
],
'Joust:ts/Entity.ts':[
8,
12,
16,
20,
],
'Joust:ts/Launcher.tsx':[
199,
207,
211,
215,
219,
],
'Joust:ts/MetaData.ts':[
11,
15,
19,
],
'Joust:ts/Option.ts':[
9,
13,
17,
33,
],
'Joust:ts/Player.ts':[
21,
25,
29,
33,
37,
],
'Joust:ts/components/Tooltipper.tsx':[
26,
30,
34,
],
'Joust:ts/state/GameState.ts':[
54,
58,
62,
82,
86,
90,
94,
98,
102,
106,
],
'Joust:ts/state/GameStateDescriptor.ts':[
13,
17,
21,
25,
],
'Joust:ts/state/GameStateScrubber.ts':[
241,
350,
360,
],
}
