{
'emission:src/lib/containers/gene.tsx':[
127,
131,
],
}
