{
'emission:src/lib/components/__tests__/tab_view-tests.tsx':[
10,
],
}
