{
'angular.js:src/ngMock/angular-mocks.js':[
983,
],
'angular.js:src/ngMock/browserTrigger.js':[
246,
],
'angular.js:test/ng/browserSpecs.js':[
781,
],
'angular.js:test/ng/cookieReaderSpec.js':[
120,
],
'angular.js:test/ng/directive/ngClassSpec.js':[
634,
],
'angular.js:test/ng/filter/limitToSpec.js':[
23,
],
'angular.js:test/ng/snifferSpec.js':[
97,
118,
],
}
