{
'ag-grid:src/ts/components/agGridWebComponent.ts':[
93,
95,
],
'ag-grid:src/ts/csvCreator.ts':[
29,
],
'ag-grid:src/ts/filter/baseFilter.ts':[
295,
],
'ag-grid:src/ts/filter/floatingFilterWrapper.ts':[
102,
106,
],
'ag-grid:src/ts/filter/textFilter.ts':[
79,
],
'ag-grid:src/ts/headerRendering/bodyDropPivotTarget.ts':[
71,
],
'ag-grid:src/ts/widgets/component.ts':[
74,
],
}
