{
'TypeScript:src/compiler/core.ts':[
1127,
2209,
],
'TypeScript:src/compiler/performance.ts':[
15,
],
'TypeScript:src/harness/harnessLanguageService.ts':[
168,
226,
227,
228,
571,
575,
603,
607,
623,
643,
674,
698,
705,
],
'TypeScript:src/harness/projectsRunner.ts':[
426,
],
'TypeScript:src/harness/runnerbase.ts':[
9,
],
'TypeScript:src/harness/unittests/tsserverProjectSystem.ts':[
79,
3695,
3827,
],
'TypeScript:src/server/scriptVersionCache.ts':[
44,
],
'TypeScript:src/server/server.ts':[
688,
],
'TypeScript:src/server/session.ts':[
1592,
],
'TypeScript:src/services/textChanges.ts':[
561,
],
}
