{
'rxjs:spec/observables/dom/ajax-spec.ts':[
877,
881,
934,
],
'rxjs:spec/observables/dom/webSocket-spec.ts':[
634,
659,
],
}
