{
'fireface:src/auth/auth.service.ts':[
58,
62,
66,
],
'fireface:src/common/avatar.service.ts':[
34,
38,
],
}
