{
'p5.js:lib/addons/p5.sound.js':[
491,
504,
709,
717,
722,
727,
890,
5033,
5892,
10291,
11192,
],
}
